== unit tests ==
test_collision_count_is_an_integer (test_contract.CertificateTypeTests.test_collision_count_is_an_integer) ... ok
test_json_round_trip_preserves_accepted_types (test_contract.CertificateTypeTests.test_json_round_trip_preserves_accepted_types) ... ok
test_legitimate_empty_query_and_failure_tables_are_accepted (test_contract.CertificateTypeTests.test_legitimate_empty_query_and_failure_tables_are_accepted) ... ok
test_local_keys_outputs_and_event_arguments_are_integers (test_contract.CertificateTypeTests.test_local_keys_outputs_and_event_arguments_are_integers) ... ok
test_production_counts_are_integers (test_contract.CertificateTypeTests.test_production_counts_are_integers) ... ok
test_recursive_comparison_distinguishes_scalar_and_container_types (test_contract.CertificateTypeTests.test_recursive_comparison_distinguishes_scalar_and_container_types) ... ok
test_stage_index_and_domain_values_are_integers (test_contract.CertificateTypeTests.test_stage_index_and_domain_values_are_integers) ... ok
test_typed_certificate_and_boolean_verdicts_are_accepted (test_contract.CertificateTypeTests.test_typed_certificate_and_boolean_verdicts_are_accepted) ... ok
test_whole_keys_outputs_and_event_arguments_are_integers (test_contract.CertificateTypeTests.test_whole_keys_outputs_and_event_arguments_are_integers) ... ok
test_witness_states_and_results_are_typed (test_contract.CertificateTypeTests.test_witness_states_and_results_are_typed) ... ok
test_infeasible_observations_hide_failure_state (test_contract.ObservationTests.test_infeasible_observations_hide_failure_state) ... ok
test_stack_error_observations_hide_failure_state (test_contract.ObservationTests.test_stack_error_observations_hide_failure_state) ... ok
test_success_keeps_the_existing_helper_tuple (test_contract.ObservationTests.test_success_keeps_the_existing_helper_tuple) ... ok
test_call_context_projection_has_counterexample (test_core.PathSealTests.test_call_context_projection_has_counterexample) ... ok
test_checker_accepts_producer_certificate (test_core.PathSealTests.test_checker_accepts_producer_certificate) ... ok
test_dead_field_is_removed_from_minimum_keys (test_core.PathSealTests.test_dead_field_is_removed_from_minimum_keys) ... ok
test_field_order_is_stable (test_core.PathSealTests.test_field_order_is_stable) ... ok
test_generator_is_deterministic (test_core.PathSealTests.test_generator_is_deterministic) ... ok
test_json_round_trip (test_core.PathSealTests.test_json_round_trip) ... ok
test_minimum_key_mutation_is_rejected (test_core.PathSealTests.test_minimum_key_mutation_is_rejected) ... ok
test_pathseal_projection_is_exact (test_core.PathSealTests.test_pathseal_projection_is_exact) ... ok
test_push_pop_success_and_mismatch (test_core.PathSealTests.test_push_pop_success_and_mismatch) ... ok
test_rejection_label_swap_is_rejected (test_core.PathSealTests.test_rejection_label_swap_is_rejected) ... ok
test_support_baseline_is_exact (test_core.PathSealTests.test_support_baseline_is_exact) ... ok
test_support_receipt_mutation_is_rejected (test_core.PathSealTests.test_support_receipt_mutation_is_rejected) ... ok
test_table_mutation_is_rejected (test_core.PathSealTests.test_table_mutation_is_rejected) ... ok
test_unknown_stage_field_is_rejected (test_core.PathSealTests.test_unknown_stage_field_is_rejected) ... ok
test_unknown_top_level_field_is_rejected (test_core.PathSealTests.test_unknown_top_level_field_is_rejected) ... ok
test_finished_process_needs_no_signal (test_runner.RunnerTests.test_finished_process_needs_no_signal) ... ok
test_nonzero_exit (test_runner.RunnerTests.test_nonzero_exit) ... == exit fixture ==
ok
test_success (test_runner.RunnerTests.test_success) ... == success fixture ==
ok
test_timeout_reaps_own_child (test_runner.RunnerTests.test_timeout_reaps_own_child) ... == timeout fixture ==
ok
test_all_declared_depths_have_defined_stack_results (test_stack_domain.StackDomainTests.test_all_declared_depths_have_defined_stack_results) ... ok
test_declaration_requires_exact_pointer_carrier (test_stack_domain.StackDomainTests.test_declaration_requires_exact_pointer_carrier) ... ok
test_each_pop_uses_its_selected_slot_modulus (test_stack_domain.StackDomainTests.test_each_pop_uses_its_selected_slot_modulus) ... ok
test_mismatched_top_token_is_a_defined_error (test_stack_domain.StackDomainTests.test_mismatched_top_token_is_a_defined_error) ... ok
test_out_of_carrier_initial_depth_is_rejected (test_stack_domain.StackDomainTests.test_out_of_carrier_initial_depth_is_rejected) ... ok
test_pointer_writes_stay_in_declared_carrier (test_stack_domain.StackDomainTests.test_pointer_writes_stay_in_declared_carrier) ... ok
test_pop_normalizes_a_legal_out_of_carrier_constant (test_stack_domain.StackDomainTests.test_pop_normalizes_a_legal_out_of_carrier_constant) ... ok
test_pop_rejects_a_different_normalized_token (test_stack_domain.StackDomainTests.test_pop_rejects_a_different_normalized_token) ... ok

----------------------------------------------------------------------
Ran 40 tests in 0.623s

OK
== finite theorem checks ==
{"composition": {"composition_obligations": 262144, "transform_pairs": 65536, "two_bit_transforms": 256}, "hardness_reduction": {"boolean_fields": 3, "hypergraph_instances": 128, "minimum_key_obligations": 128, "source_edges_checked": 448}, "hitting_set": {"boolean_functions": 256, "minimum_key_obligations": 256, "projection_equivalence_obligations": 2048}, "status": "PASS"}
== certificate mutation tests ==
{"accepted": 0, "mutation_operators": 28, "rejected": 280, "status": "PASS", "variants": 280}
== generated campaign ==
checked 10/120 programs
checked 20/120 programs
checked 30/120 programs
checked 40/120 programs
checked 50/120 programs
checked 60/120 programs
checked 70/120 programs
checked 80/120 programs
checked 90/120 programs
checked 100/120 programs
checked 110/120 programs
checked 120/120 programs
{"aggregate": {"checker_ms_total": 9464.183, "checker_obligations_per_second": 82970.817, "pathseal_entry_reduction_vs_exact_state_percent": 75.463, "pathseal_entry_reduction_vs_support_percent": 0.882, "pathseal_key_width_reduction_vs_exact_state_percent": 77.14, "pathseal_key_width_reduction_vs_support_percent": 47.777, "producer_ms_total": 8525.277}, "baseline_summary": {"call-context": {"collision_pairs": 504848, "distinct_keys": 5600, "error_states": 42620, "exact_stages": 12, "inexact_stages": 928, "mean_key_width": 4.0, "mean_reuse_factor": 13.781, "stages": 940}, "exact-state": {"collision_pairs": 0, "distinct_keys": 66376, "error_states": 0, "exact_stages": 940, "inexact_stages": 0, "mean_key_width": 14.319, "mean_reuse_factor": 1.0, "stages": 940}, "pathseal": {"collision_pairs": 0, "distinct_keys": 16287, "error_states": 0, "exact_stages": 940, "inexact_stages": 0, "mean_key_width": 3.273, "mean_reuse_factor": 4.098, "stages": 940}, "security-surface": {"collision_pairs": 137840, "distinct_keys": 10446, "error_states": 23192, "exact_stages": 43, "inexact_stages": 897, "mean_key_width": 4.0, "mean_reuse_factor": 6.135, "stages": 940}, "support": {"collision_pairs": 0, "distinct_keys": 16432, "error_states": 0, "exact_stages": 940, "inexact_stages": 0, "mean_key_width": 6.268, "mean_reuse_factor": 4.062, "stages": 940}, "syntax-only": {"collision_pairs": 2775200, "distinct_keys": 940, "error_states": 61872, "exact_stages": 0, "inexact_stages": 940, "mean_key_width": 0.0, "mean_reuse_factor": 70.613, "stages": 940}}, "campaign": {"checked_semantic_obligations": 785251, "execution_obligations": 163336, "initial_states": 9920, "pathseal_exact_stages": 940, "pathseal_stage_count": 940, "programs": 120, "reachable_stage_states": 66376, "stages": 940, "subset_obligations": 621915, "tiers": {"large": 20, "medium": 40, "small": 60}}, "dead_key_occurrences": 0, "key_field_frequency": {"alias": 549, "aux0": 236, "aux1": 92, "ctx": 467, "flag": 40, "guard": 86, "input": 500, "mode": 514, "san": 203, "stk0": 70, "stk1": 13, "taint": 96, "tmp": 211}, "key_role_frequency": {"alias": 549, "auxiliary": 328, "context": 467, "path": 640, "sanitizer": 203, "source": 500, "stack": 83, "taint": 96, "value": 211}, "key_width_distribution": {"1": 9, "2": 111, "3": 495, "4": 264, "5": 61}, "segment_summary": {"alias-gate": {"domain_size_mean": 84.4, "key_width_mean": 3.5, "reuse_mean": 4.011, "stages": 20}, "branch": {"domain_size_mean": 52.5, "key_width_mean": 2.967, "reuse_mean": 4.095, "stages": 120}, "context-fold": {"domain_size_mean": 75.4, "key_width_mean": 3.3, "reuse_mean": 4.0, "stages": 20}, "helper": {"domain_size_mean": 117.333, "key_width_mean": 4.233, "reuse_mean": 4.005, "stages": 60}, "nested-call": {"domain_size_mean": 117.333, "key_width_mean": 4.083, "reuse_mean": 4.019, "stages": 60}, "nested-return": {"domain_size_mean": 117.333, "key_width_mean": 3.733, "reuse_mean": 4.4, "stages": 60}, "propagate": {"domain_size_mean": 82.667, "key_width_mean": 3.667, "reuse_mean": 4.006, "stages": 120}, "return": {"domain_size_mean": 46.033, "key_width_mean": 2.7, "reuse_mean": 4.322, "stages": 120}, "sanitize": {"domain_size_mean": 52.5, "key_width_mean": 3.042, "reuse_mean": 4.046, "stages": 120}, "sink": {"domain_size_mean": 34.133, "key_width_mean": 2.408, "reuse_mean": 4.086, "stages": 120}, "source": {"domain_size_mean": 82.667, "key_width_mean": 3.7, "reuse_mean": 4.003, "stages": 120}}, "status": "PASS", "terminal_status": {"infeasible": 956, "ok": 4096, "stack_error": 4868}, "tier_summary": {"large": {"certificate_bytes_median": 267761, "checker_ms_median": 234.321, "checker_ms_p95": 262.277, "exact_state_key_width_mean": 17.0, "fields": [17], "initial_states": [160], "pathseal_key_width_mean": 3.695, "pathseal_reuse_mean": 4.106, "producer_ms_median": 207.699, "producer_ms_p95": 243.832, "programs": 20, "segments": [11], "support_key_width_mean": 6.555}, "medium": {"certificate_bytes_median": 124815, "checker_ms_median": 78.867, "checker_ms_p95": 87.381, "exact_state_key_width_mean": 14.0, "fields": [14], "initial_states": [96], "pathseal_key_width_mean": 3.294, "pathseal_reuse_mean": 4.15, "producer_ms_median": 71.401, "producer_ms_p95": 86.415, "programs": 40, "segments": [9], "support_key_width_mean": 6.475}, "small": {"certificate_bytes_median": 54223, "checker_ms_median": 25.065, "checker_ms_p95": 26.711, "exact_state_key_width_mean": 13.0, "fields": [13], "initial_states": [48], "pathseal_key_width_mean": 2.994, "pathseal_reuse_mean": 4.043, "producer_ms_median": 22.406, "producer_ms_p95": 26.184, "programs": 60, "segments": [6], "support_key_width_mean": 5.886}}}
== standalone checker (small) ==
{"execution_obligations": 1492, "initial_states": 48, "reachable_stage_states": 280, "stages": 6, "status": "PASS", "subset_obligations": 2850, "whole_keys": 12}
== standalone checker (medium) ==
{"execution_obligations": 3342, "initial_states": 96, "reachable_stage_states": 584, "stages": 9, "status": "PASS", "subset_obligations": 5949, "whole_keys": 24}
== standalone checker (large) ==
{"execution_obligations": 6994, "initial_states": 160, "reachable_stage_states": 1252, "stages": 11, "status": "PASS", "subset_obligations": 23728, "whole_keys": 40}
== artifact structural audit ==
{"claim_rows": 10, "csv_data_rows": {"baseline_results.csv": 5640, "claim_evidence_ledger.csv": 10, "external_resources.csv": 3, "mutation_results.csv": 280, "program_results.csv": 120, "stage_results.csv": 940}, "csv_files_checked": 6, "external_resource_rows": 3, "json_files_checked": 10, "python_files_parsed": 17, "status": "PASS"}
FULL_PASS
